Archive member included to satisfy reference by file (symbol)

C:/ST/STM32CubeIDE_1.13.1/STM32CubeIDE/plugins/com.st.stm32cube.ide.mcu.externaltools.gnu-tools-for-stm32.11.3.rel1.win32_1.1.0.202305231506/tools/bin/../lib/gcc/arm-none-eabi/11.3.1/../../../../arm-none-eabi/lib/thumb/v7e-m+fp/hard\libc_nano.a(libc_a-exit.o)
                              C:/ST/STM32CubeIDE_1.13.1/STM32CubeIDE/plugins/com.st.stm32cube.ide.mcu.externaltools.gnu-tools-for-stm32.11.3.rel1.win32_1.1.0.202305231506/tools/bin/../lib/gcc/arm-none-eabi/11.3.1/../../../../arm-none-eabi/lib/thumb/v7e-m+fp/hard/crt0.o (exit)
C:/ST/STM32CubeIDE_1.13.1/STM32CubeIDE/plugins/com.st.stm32cube.ide.mcu.externaltools.gnu-tools-for-stm32.11.3.rel1.win32_1.1.0.202305231506/tools/bin/../lib/gcc/arm-none-eabi/11.3.1/../../../../arm-none-eabi/lib/thumb/v7e-m+fp/hard\libc_nano.a(libc_a-findfp.o)
                              C:/ST/STM32CubeIDE_1.13.1/STM32CubeIDE/plugins/com.st.stm32cube.ide.mcu.externaltools.gnu-tools-for-stm32.11.3.rel1.win32_1.1.0.202305231506/tools/bin/../lib/gcc/arm-none-eabi/11.3.1/../../../../arm-none-eabi/lib/thumb/v7e-m+fp/hard\libc_nano.a(libc_a-exit.o) (__stdio_exit_handler)
C:/ST/STM32CubeIDE_1.13.1/STM32CubeIDE/plugins/com.st.stm32cube.ide.mcu.externaltools.gnu-tools-for-stm32.11.3.rel1.win32_1.1.0.202305231506/tools/bin/../lib/gcc/arm-none-eabi/11.3.1/../../../../arm-none-eabi/lib/thumb/v7e-m+fp/hard\libc_nano.a(libc_a-fwalk.o)
                              C:/ST/STM32CubeIDE_1.13.1/STM32CubeIDE/plugins/com.st.stm32cube.ide.mcu.externaltools.gnu-tools-for-stm32.11.3.rel1.win32_1.1.0.202305231506/tools/bin/../lib/gcc/arm-none-eabi/11.3.1/../../../../arm-none-eabi/lib/thumb/v7e-m+fp/hard\libc_nano.a(libc_a-findfp.o) (_fwalk_sglue)
C:/ST/STM32CubeIDE_1.13.1/STM32CubeIDE/plugins/com.st.stm32cube.ide.mcu.externaltools.gnu-tools-for-stm32.11.3.rel1.win32_1.1.0.202305231506/tools/bin/../lib/gcc/arm-none-eabi/11.3.1/../../../../arm-none-eabi/lib/thumb/v7e-m+fp/hard\libc_nano.a(libc_a-printf.o)
                              ./Src/Login.o (printf)
C:/ST/STM32CubeIDE_1.13.1/STM32CubeIDE/plugins/com.st.stm32cube.ide.mcu.externaltools.gnu-tools-for-stm32.11.3.rel1.win32_1.1.0.202305231506/tools/bin/../lib/gcc/arm-none-eabi/11.3.1/../../../../arm-none-eabi/lib/thumb/v7e-m+fp/hard\libc_nano.a(libc_a-scanf.o)
                              ./Src/Login.o (scanf)
C:/ST/STM32CubeIDE_1.13.1/STM32CubeIDE/plugins/com.st.stm32cube.ide.mcu.externaltools.gnu-tools-for-stm32.11.3.rel1.win32_1.1.0.202305231506/tools/bin/../lib/gcc/arm-none-eabi/11.3.1/../../../../arm-none-eabi/lib/thumb/v7e-m+fp/hard\libc_nano.a(libc_a-stdio.o)
                              C:/ST/STM32CubeIDE_1.13.1/STM32CubeIDE/plugins/com.st.stm32cube.ide.mcu.externaltools.gnu-tools-for-stm32.11.3.rel1.win32_1.1.0.202305231506/tools/bin/../lib/gcc/arm-none-eabi/11.3.1/../../../../arm-none-eabi/lib/thumb/v7e-m+fp/hard\libc_nano.a(libc_a-findfp.o) (__sread)
C:/ST/STM32CubeIDE_1.13.1/STM32CubeIDE/plugins/com.st.stm32cube.ide.mcu.externaltools.gnu-tools-for-stm32.11.3.rel1.win32_1.1.0.202305231506/tools/bin/../lib/gcc/arm-none-eabi/11.3.1/../../../../arm-none-eabi/lib/thumb/v7e-m+fp/hard\libc_nano.a(libc_a-memset.o)
                              C:/ST/STM32CubeIDE_1.13.1/STM32CubeIDE/plugins/com.st.stm32cube.ide.mcu.externaltools.gnu-tools-for-stm32.11.3.rel1.win32_1.1.0.202305231506/tools/bin/../lib/gcc/arm-none-eabi/11.3.1/../../../../arm-none-eabi/lib/thumb/v7e-m+fp/hard/crt0.o (memset)
C:/ST/STM32CubeIDE_1.13.1/STM32CubeIDE/plugins/com.st.stm32cube.ide.mcu.externaltools.gnu-tools-for-stm32.11.3.rel1.win32_1.1.0.202305231506/tools/bin/../lib/gcc/arm-none-eabi/11.3.1/../../../../arm-none-eabi/lib/thumb/v7e-m+fp/hard\libc_nano.a(libc_a-closer.o)
                              C:/ST/STM32CubeIDE_1.13.1/STM32CubeIDE/plugins/com.st.stm32cube.ide.mcu.externaltools.gnu-tools-for-stm32.11.3.rel1.win32_1.1.0.202305231506/tools/bin/../lib/gcc/arm-none-eabi/11.3.1/../../../../arm-none-eabi/lib/thumb/v7e-m+fp/hard\libc_nano.a(libc_a-stdio.o) (_close_r)
C:/ST/STM32CubeIDE_1.13.1/STM32CubeIDE/plugins/com.st.stm32cube.ide.mcu.externaltools.gnu-tools-for-stm32.11.3.rel1.win32_1.1.0.202305231506/tools/bin/../lib/gcc/arm-none-eabi/11.3.1/../../../../arm-none-eabi/lib/thumb/v7e-m+fp/hard\libc_nano.a(libc_a-reent.o)
                              C:/ST/STM32CubeIDE_1.13.1/STM32CubeIDE/plugins/com.st.stm32cube.ide.mcu.externaltools.gnu-tools-for-stm32.11.3.rel1.win32_1.1.0.202305231506/tools/bin/../lib/gcc/arm-none-eabi/11.3.1/../../../../arm-none-eabi/lib/thumb/v7e-m+fp/hard\libc_nano.a(libc_a-closer.o) (errno)
C:/ST/STM32CubeIDE_1.13.1/STM32CubeIDE/plugins/com.st.stm32cube.ide.mcu.externaltools.gnu-tools-for-stm32.11.3.rel1.win32_1.1.0.202305231506/tools/bin/../lib/gcc/arm-none-eabi/11.3.1/../../../../arm-none-eabi/lib/thumb/v7e-m+fp/hard\libc_nano.a(libc_a-impure.o)
[...]
Memory Configuration

Name             Origin             Length             Attributes
RAM              0x0000000020000000 0x0000000000020000 xrw
FLASH            0x0000000008000000 0x0000000000080000 xr
*default*        0x0000000000000000 0xffffffffffffffff

Linker script and memory map

LOAD C:/ST/STM32CubeIDE_1.13.1/STM32CubeIDE/plugins/com.st.stm32cube.ide.mcu.externaltools.gnu-tools-for-stm32.11.3.rel1.win32_1.1.0.202305231506/tools/bin/../lib/gcc/arm-none-eabi/11.3.1/thumb/v7e-m+fp/hard/crti.o
LOAD C:/ST/STM32CubeIDE_1.13.1/STM32CubeIDE/plugins/com.st.stm32cube.ide.mcu.externaltools.gnu-tools-for-stm32.11.3.rel1.win32_1.1.0.202305231506/tools/bin/../lib/gcc/arm-none-eabi/11.3.1/thumb/v7e-m+fp/hard/crtbegin.o
LOAD C:/ST/STM32CubeIDE_1.13.1/STM32CubeIDE/plugins/com.st.stm32cube.ide.mcu.externaltools.gnu-tools-for-stm32.11.3.rel1.win32_1.1.0.202305231506/tools/bin/../lib/gcc/arm-none-eabi/11.3.1/../../../../arm-none-eabi/lib/thumb/v7e-m+fp/hard/crt0.o
LOAD ./Src/APP.o
LOAD ./Src/GPIO_program.o
LOAD ./Src/Login.o
LOAD ./Src/RCC_prog.o
LOAD ./Src/SYSTIC_program.o
LOAD ./Src/Service.o
LOAD ./Src/USART_program.o
LOAD ./Src/main.o
LOAD ./Src/syscalls.o
LOAD ./Src/sysmem.o
LOAD ./Startup/startup_stm32f446retx.o
START GROUP
LOAD C:/ST/STM32CubeIDE_1.13.1/STM32CubeIDE/plugins/com.st.stm32cube.ide.mcu.externaltools.gnu-tools-for-stm32.11.3.rel1.win32_1.1.0.202305231506/tools/bin/../lib/gcc/arm-none-eabi/11.3.1/../../../../arm-none-eabi/lib/thumb/v7e-m+fp/hard\libc_nano.a
LOAD C:/ST/STM32CubeIDE_1.13.1/STM32CubeIDE/plugins/com.st.stm32cube.ide.mcu.externaltools.gnu-tools-for-stm32.11.3.rel1.win32_1.1.0.202305231506/tools/bin/../lib/gcc/arm-none-eabi/11.3.1/../../../../arm-none-eabi/lib/thumb/v7e-m+fp/hard\libm.a
END GROUP
START GROUP
LOAD C:/ST/STM32CubeIDE_1.13.1/STM32CubeIDE/plugins/com.st.stm32cube.ide.mcu.externaltools.gnu-tools-for-stm32.11.3.rel1.win32_1.1.0.202305231506/tools/bin/../lib/gcc/arm-none-eabi/11.3.1/thumb/v7e-m+fp/hard\libgcc.a
LOAD C:/ST/STM32CubeIDE_1.13.1/STM32CubeIDE/plugins/com.st.stm32cube.ide.mcu.externaltools.gnu-tools-for-stm32.11.3.rel1.win32_1.1.0.202305231506/tools/bin/../lib/gcc/arm-none-eabi/11.3.1/../../../../arm-none-eabi/lib/thumb/v7e-m+fp/hard\libc_nano.a
END GROUP
START GROUP
LOAD C:/ST/STM32CubeIDE_1.13.1/STM32CubeIDE/plugins/com.st.stm32cube.ide.mcu.externaltools.gnu-tools-for-stm32.11.3.rel1.win32_1.1.0.202305231506/tools/bin/../lib/gcc/arm-none-eabi/11.3.1/thumb/v7e-m+fp/hard\libgcc.a
LOAD C:/ST/STM32CubeIDE_1.13.1/STM32CubeIDE/plugins/com.st.stm32cube.ide.mcu.externaltools.gnu-tools-for-stm32.11.3.rel1.win32_1.1.0.202305231506/tools/bin/../lib/gcc/arm-none-eabi/11.3.1/../../../../arm-none-eabi/lib/thumb/v7e-m+fp/hard\libc_nano.a
LOAD C:/ST/STM32CubeIDE_1.13.1/STM32CubeIDE/plugins/com.st.stm32cube.ide.mcu.externaltools.gnu-tools-for-stm32.11.3.rel1.win32_1.1.0.202305231506/tools/bin/../lib/gcc/arm-none-eabi/11.3.1/../../../../arm-none-eabi/lib/thumb/v7e-m+fp/hard\libnosys.a
END GROUP
START GROUP
LOAD C:/ST/STM32CubeIDE_1.13.1/STM32CubeIDE/plugins/com.st.stm32cube.ide.mcu.externaltools.gnu-tools-for-stm32.11.3.rel1.win32_1.1.0.202305231506/tools/bin/../lib/gcc/arm-none-eabi/11.3.1/thumb/v7e-m+fp/hard\libgcc.a
LOAD C:/ST/STM32CubeIDE_1.13.1/STM32CubeIDE/plugins/com.st.stm32cube.ide.mcu.externaltools.gnu-tools-for-stm32.11.3.rel1.win32_1.1.0.202305231506/tools/bin/../lib/gcc/arm-none-eabi/11.3.1/../../../../arm-none-eabi/lib/thumb/v7e-m+fp/hard\libc_nano.a
LOAD C:/ST/STM32CubeIDE_1.13.1/STM32CubeIDE/plugins/com.st.stm32cube.ide.mcu.externaltools.gnu-tools-for-stm32.11.3.rel1.win32_1.1.0.202305231506/tools/bin/../lib/gcc/arm-none-eabi/11.3.1/../../../../arm-none-eabi/lib/thumb/v7e-m+fp/hard\libnosys.a
END GROUP
LOAD C:/ST/STM32CubeIDE_1.13.1/STM32CubeIDE/plugins/com.st.stm32cube.ide.mcu.externaltools.gnu-tools-for-stm32.11.3.rel1.win32_1.1.0.202305231506/tools/bin/../lib/gcc/arm-none-eabi/11.3.1/thumb/v7e-m+fp/hard/crtend.o
LOAD C:/ST/STM32CubeIDE_1.13.1/STM32CubeIDE/plugins/com.st.stm32cube.ide.mcu.externaltools.gnu-tools-for-stm32.11.3.rel1.win32_1.1.0.202305231506/tools/bin/../lib/gcc/arm-none-eabi/11.3.1/thumb/v7e-m+fp/hard/crtn.o
                0x0000000020020000                _estack = (ORIGIN (RAM) + LENGTH (RAM))
                0x0000000000000200                _Min_Heap_Size = 0x200
                0x0000000000000400                _Min_Stack_Size = 0x400

.isr_vector     0x0000000008000000      0x1c4
                0x0000000008000000                . = ALIGN (0x4)
 *(.isr_vector)
 .isr_vector    0x0000000008000000      0x1c4 ./Startup/startup_stm32f446retx.o
                0x0000000008000000                g_pfnVectors
                0x00000000080001c4                . = ALIGN (0x4)

.text           0x00000000080001c4      0xcb4
                0x00000000080001c4                . = ALIGN (0x4)
 *(.text)
 .text          0x00000000080001c4       0x40 C:/ST/STM32CubeIDE_1.13.1/STM32CubeIDE/plugins/com.st.stm32cube.ide.mcu.externaltools.gnu-tools-for-stm32.11.3.rel1.win32_1.1.0.202305231506/tools/bin/../lib/gcc/arm-none-eabi/11.3.1/thumb/v7e-m+fp/hard/crtbegin.o
 .text          0x0000000008000204       0x30 C:/ST/STM32CubeIDE_1.13.1/STM32CubeIDE/plugins/com.st.stm32cube.ide.mcu.externaltools.gnu-tools-for-stm32.11.3.rel1.win32_1.1.0.202305231506/tools/bin/../lib/gcc/arm-none-eabi/11.3.1/thumb/v7e-m+fp/hard\libgcc.a(_aeabi_uldivmod.o)
                0x0000000008000204                __aeabi_uldivmod
 .text          0x0000000008000234      0x2c8 C:/ST/STM32CubeIDE_1.13.1/STM32CubeIDE/plugins/com.st.stm32cube.ide.mcu.externaltools.gnu-tools-for-stm32.11.3.rel1.win32_1.1.0.202305231506/tools/bin/../lib/gcc/arm-none-eabi/11.3.1/thumb/v7e-m+fp/hard\libgcc.a(_udivmoddi4.o)
                0x0000000008000234                __udivmoddi4
 .text          0x00000000080004fc        0x4 C:/ST/STM32CubeIDE_1.13.1/STM32CubeIDE/plugins/com.st.stm32cube.ide.mcu.externaltools.gnu-tools-for-stm32.11.3.rel1.win32_1.1.0.202305231506/tools/bin/../lib/gcc/arm-none-eabi/11.3.1/thumb/v7e-m+fp/hard\libgcc.a(_dvmd_tls.o)
                0x00000000080004fc                __aeabi_idiv0
                0x00000000080004fc                __aeabi_ldiv0
 *(.text*)
 .text.APP_voidInit
                0x0000000008000500       0x98 ./Src/APP.o
                0x0000000008000500                APP_voidInit
 .text.GPIO_u8PinInit
                0x0000000008000598      0x25c ./Src/GPIO_program.o
                0x0000000008000598                GPIO_u8PinInit
 .text.GPIO_u8SetPinValue
                0x00000000080007f4       0x90 ./Src/GPIO_program.o
                0x00000000080007f4                GPIO_u8SetPinValue
 .text.RCC_AHB1EnableClk
                0x0000000008000884       0x30 ./Src/RCC_prog.o
                0x0000000008000884                RCC_AHB1EnableClk
 .text.RCC_APB1Enable
                0x00000000080008b4       0x30 ./Src/RCC_prog.o
                0x00000000080008b4                RCC_APB1Enable
 .text.Print    0x00000000080008e4       0x18 ./Src/Service.o
                0x00000000080008e4                Print
 .text.Input    0x00000000080008fc       0x20 ./Src/Service.o
                0x00000000080008fc                Input
 .text.SendChar
                0x000000000800091c       0x1c ./Src/Service.o
                0x000000000800091c                SendChar
 .text.USART_u8Init
                0x0000000008000938      0x2b8 ./Src/USART_program.o
                0x0000000008000938                USART_u8Init
 .text.USART_u8ReceiveCharSynch
                0x0000000008000bf0       0x6c ./Src/USART_program.o
                0x0000000008000bf0                USART_u8ReceiveCharSynch
 .text.USART_voidTransmitCharSynch
                0x0000000008000c5c       0x58 ./Src/USART_program.o
                0x0000000008000c5c                USART_voidTransmitCharSynch
 .text.USART_voidTransmitStringSynch
                0x0000000008000cb4       0x40 ./Src/USART_program.o
                0x0000000008000cb4                USART_voidTransmitStringSynch
 .text.USART_u8ReceiveBufferSynch
                0x0000000008000cf4       0x3e ./Src/USART_program.o
                0x0000000008000cf4                USART_u8ReceiveBufferSynch
 *fill*         0x0000000008000d32        0x2 
 .text.main     0x0000000008000d34       0x90 ./Src/main.o
                0x0000000008000d34                main
 .text.Reset_Handler
                0x0000000008000dc4       0x50 ./Startup/startup_stm32f446retx.o
                0x0000000008000dc4                Reset_Handler
 .text.Default_Handler
                0x0000000008000e14        0x2 ./Startup/startup_stm32f446retx.o
                0x0000000008000e14                RTC_Alarm_IRQHandler
                0x0000000008000e14                EXTI2_IRQHandler
                0x0000000008000e14                TIM8_CC_IRQHandler
                0x0000000008000e14                SPDIF_Rx_IRQHandler
                0x0000000008000e14                DebugMon_Handler
                0x0000000008000e14                SPI4_IRQHandler
                0x0000000008000e14                TIM1_CC_IRQHandler
                0x0000000008000e14                QuadSPI_IRQHandler
                0x0000000008000e14                DMA2_Stream5_IRQHandler
                0x0000000008000e14                HardFault_Handler
                0x0000000008000e14                DMA1_Stream5_IRQHandler
                0x0000000008000e14                SysTick_Handler
                0x0000000008000e14                PVD_IRQHandler
                0x0000000008000e14                SDIO_IRQHandler
                0x0000000008000e14                TAMP_STAMP_IRQHandler
                0x0000000008000e14                PendSV_Handler
                0x0000000008000e14                NMI_Handler
                0x0000000008000e14                CAN2_RX1_IRQHandler
                0x0000000008000e14                EXTI3_IRQHandler
                0x0000000008000e14                TIM8_TRG_COM_TIM14_IRQHandler
                0x0000000008000e14                TIM1_UP_TIM10_IRQHandler
                0x0000000008000e14                FMPI2C1_error_IRQHandler
                0x0000000008000e14                TIM8_UP_TIM13_IRQHandler
                0x0000000008000e14                I2C3_ER_IRQHandler
                0x0000000008000e14                EXTI0_IRQHandler
                0x0000000008000e14                I2C2_EV_IRQHandler
                0x0000000008000e14                DMA1_Stream2_IRQHandler
                0x0000000008000e14                CAN1_RX0_IRQHandler
                0x0000000008000e14                OTG_HS_WKUP_IRQHandler
                0x0000000008000e14                UsageFault_Handler
                0x0000000008000e14                CAN2_SCE_IRQHandler
                0x0000000008000e14                DMA2_Stream2_IRQHandler
                0x0000000008000e14                SPI1_IRQHandler
                0x0000000008000e14                TIM6_DAC_IRQHandler
                0x0000000008000e14                TIM1_BRK_TIM9_IRQHandler
                0x0000000008000e14                DCMI_IRQHandler
                0x0000000008000e14                CAN2_RX0_IRQHandler
                0x0000000008000e14                DMA2_Stream3_IRQHandler
                0x0000000008000e14                FMPI2C1_IRQHandler
                0x0000000008000e14                SAI2_IRQHandler
                0x0000000008000e14                USART6_IRQHandler
                0x0000000008000e14                USART3_IRQHandler
                0x0000000008000e14                CAN1_RX1_IRQHandler
                0x0000000008000e14                UART5_IRQHandler
                0x0000000008000e14                DMA2_Stream0_IRQHandler
                0x0000000008000e14                TIM4_IRQHandler
                0x0000000008000e14                I2C1_EV_IRQHandler
                0x0000000008000e14                HDMI_CEC_IRQHandler
                0x0000000008000e14                DMA1_Stream6_IRQHandler
                0x0000000008000e14                DMA1_Stream1_IRQHandler
                0x0000000008000e14                UART4_IRQHandler
                0x0000000008000e14                TIM3_IRQHandler
                0x0000000008000e14                RCC_IRQHandler
                0x0000000008000e14                TIM8_BRK_TIM12_IRQHandler
                0x0000000008000e14                Default_Handler
                0x0000000008000e14                EXTI15_10_IRQHandler
                0x0000000008000e14                ADC_IRQHandler
                0x0000000008000e14                DMA1_Stream7_IRQHandler
                0x0000000008000e14                TIM7_IRQHandler
                0x0000000008000e14                CAN2_TX_IRQHandler
                0x0000000008000e14                TIM5_IRQHandler
                0x0000000008000e14                DMA2_Stream7_IRQHandler
                0x0000000008000e14                I2C3_EV_IRQHandler
                0x0000000008000e14                EXTI9_5_IRQHandler
                0x0000000008000e14                RTC_WKUP_IRQHandler
                0x0000000008000e14                SPI2_IRQHandler
                0x0000000008000e14                OTG_HS_EP1_IN_IRQHandler
                0x0000000008000e14                MemManage_Handler
                0x0000000008000e14                DMA1_Stream0_IRQHandler
                0x0000000008000e14                CAN1_TX_IRQHandler
                0x0000000008000e14                SVC_Handler
                0x0000000008000e14                EXTI4_IRQHandler
                0x0000000008000e14                OTG_HS_EP1_OUT_IRQHandler
                0x0000000008000e14                WWDG_IRQHandler
                0x0000000008000e14                TIM2_IRQHandler
                0x0000000008000e14                OTG_FS_WKUP_IRQHandler
                0x0000000008000e14                TIM1_TRG_COM_TIM11_IRQHandler
                0x0000000008000e14                OTG_HS_IRQHandler
                0x0000000008000e14                EXTI1_IRQHandler
                0x0000000008000e14                USART2_IRQHandler
                0x0000000008000e14                I2C2_ER_IRQHandler
                0x0000000008000e14                DMA2_Stream1_IRQHandler
                0x0000000008000e14                CAN1_SCE_IRQHandler
                0x0000000008000e14                FLASH_IRQHandler
                0x0000000008000e14                DMA2_Stream4_IRQHandler
                0x0000000008000e14                BusFault_Handler
                0x0000000008000e14                USART1_IRQHandler
                0x0000000008000e14                OTG_FS_IRQHandler
                0x0000000008000e14                SPI3_IRQHandler
                0x0000000008000e14                DMA1_Stream4_IRQHandler
                0x0000000008000e14                I2C1_ER_IRQHandler
                0x0000000008000e14                FMC_IRQHandler
                0x0000000008000e14                DMA2_Stream6_IRQHandler
                0x0000000008000e14                SAI1_IRQHandler
                0x0000000008000e14                DMA1_Stream3_IRQHandler
 *fill*         0x0000000008000e16        0x2 
 .text.__libc_init_array
                0x0000000008000e18       0x48 C:/ST/STM32CubeIDE_1.13.1/STM32CubeIDE/plugins/com.st.stm32cube.ide.mcu.externaltools.gnu-tools-for-stm32.11.3.rel1.win32_1.1.0.202305231506/tools/bin/../lib/gcc/arm-none-eabi/11.3.1/../../../../arm-none-eabi/lib/thumb/v7e-m+fp/hard\libc_nano.a(libc_a-init.o)
                0x0000000008000e18                __libc_init_array
 *(.glue_7)
 .glue_7        0x0000000008000e60        0x0 linker stubs
 *(.glue_7t)
 .glue_7t       0x0000000008000e60        0x0 linker stubs
 *(.eh_frame)
 .eh_frame      0x0000000008000e60        0x0 C:/ST/STM32CubeIDE_1.13.1/STM32CubeIDE/plugins/com.st.stm32cube.ide.mcu.externaltools.gnu-tools-for-stm32.11.3.rel1.win32_1.1.0.202305231506/tools/bin/../lib/gcc/arm-none-eabi/11.3.1/thumb/v7e-m+fp/hard/crtbegin.o
 *(.init)
 .init          0x0000000008000e60        0x4 C:/ST/STM32CubeIDE_1.13.1/STM32CubeIDE/plugins/com.st.stm32cube.ide.mcu.externaltools.gnu-tools-for-stm32.11.3.rel1.win32_1.1.0.202305231506/tools/bin/../lib/gcc/arm-none-eabi/11.3.1/thumb/v7e-m+fp/hard/crti.o
                0x0000000008000e60                _init
 .init          0x0000000008000e64        0x8 C:/ST/STM32CubeIDE_1.13.1/STM32CubeIDE/plugins/com.st.stm32cube.ide.mcu.externaltools.gnu-tools-for-stm32.11.3.rel1.win32_1.1.0.202305231506/tools/bin/../lib/gcc/arm-none-eabi/11.3.1/thumb/v7e-m+fp/hard/crtn.o
 *(.fini)
 .fini          0x0000000008000e6c        0x4 C:/ST/STM32CubeIDE_1.13.1/STM32CubeIDE/plugins/com.st.stm32cube.ide.mcu.externaltools.gnu-tools-for-stm32.11.3.rel1.win32_1.1.0.202305231506/tools/bin/../lib/gcc/arm-none-eabi/11.3.1/thumb/v7e-m+fp/hard/crti.o
                0x0000000008000e6c                _fini
 .fini          0x0000000008000e70        0x8 C:/ST/STM32CubeIDE_1.13.1/STM32CubeIDE/plugins/com.st.stm32cube.ide.mcu.externaltools.gnu-tools-for-stm32.11.3.rel1.win32_1.1.0.202305231506/tools/bin/../lib/gcc/arm-none-eabi/11.3.1/thumb/v7e-m+fp/hard/crtn.o
                0x0000000008000e78                . = ALIGN (0x4)
                0x0000000008000e78                _etext = .

.vfp11_veneer   0x0000000008000e78        0x0
 .vfp11_veneer  0x0000000008000e78        0x0 linker stubs

.v4_bx          0x0000000008000e78        0x0
 .v4_bx         0x0000000008000e78        0x0 linker stubs

.iplt           0x0000000008000e78        0x0
 .iplt          0x0000000008000e78        0x0 C:/ST/STM32CubeIDE_1.13.1/STM32CubeIDE/plugins/com.st.stm32cube.ide.mcu.externaltools.gnu-tools-for-stm32.11.3.rel1.win32_1.1.0.202305231506/tools/bin/../lib/gcc/arm-none-eabi/11.3.1/thumb/v7e-m+fp/hard/crtbegin.o

.rodata         0x0000000008000e78       0x8c
                0x0000000008000e78                . = ALIGN (0x4)
 *(.rodata)
 .rodata        0x0000000008000e78        0x6 ./Src/APP.o
 *fill*         0x0000000008000e7e        0x2 
 .rodata        0x0000000008000e80       0x81 ./Src/main.o
 *(.rodata*)
                0x0000000008000f04                . = ALIGN (0x4)
 *fill*         0x0000000008000f01        0x3 

.ARM.extab      0x0000000008000f04        0x0
                0x0000000008000f04                . = ALIGN (0x4)
 *(.ARM.extab* .gnu.linkonce.armextab.*)
                0x0000000008000f04                . = ALIGN (0x4)

.ARM            0x0000000008000f04        0x8
                0x0000000008000f04                . = ALIGN (0x4)
                0x0000000008000f04                __exidx_start = .
 *(.ARM.exidx*)
 .ARM.exidx     0x0000000008000f04        0x8 C:/ST/STM32CubeIDE_1.13.1/STM32CubeIDE/plugins/com.st.stm32cube.ide.mcu.externaltools.gnu-tools-for-stm32.11.3.rel1.win32_1.1.0.202305231506/tools/bin/../lib/gcc/arm-none-eabi/11.3.1/thumb/v7e-m+fp/hard\libgcc.a(_udivmoddi4.o)
                0x0000000008000f0c                __exidx_end = .
                0x0000000008000f0c                . = ALIGN (0x4)

.rel.dyn        0x0000000008000f0c        0x0
 .rel.iplt      0x0000000008000f0c        0x0 C:/ST/STM32CubeIDE_1.13.1/STM32CubeIDE/plugins/com.st.stm32cube.ide.mcu.externaltools.gnu-tools-for-stm32.11.3.rel1.win32_1.1.0.202305231506/tools/bin/../lib/gcc/arm-none-eabi/11.3.1/thumb/v7e-m+fp/hard/crtbegin.o

.preinit_array  0x0000000008000f0c        0x0
                0x0000000008000f0c                . = ALIGN (0x4)
                0x0000000008000f0c                PROVIDE (__preinit_array_start = .)
 *(.preinit_array*)
                0x0000000008000f0c                PROVIDE (__preinit_array_end = .)
                0x0000000008000f0c                . = ALIGN (0x4)

.init_array     0x0000000008000f0c        0x4
                0x0000000008000f0c                . = ALIGN (0x4)
                0x0000000008000f0c                PROVIDE (__init_array_start = .)
 *(SORT_BY_NAME(.init_array.*))
 *(.init_array*)
 .init_array    0x0000000008000f0c        0x4 C:/ST/STM32CubeIDE_1.13.1/STM32CubeIDE/plugins/com.st.stm32cube.ide.mcu.externaltools.gnu-tools-for-stm32.11.3.rel1.win32_1.1.0.202305231506/tools/bin/../lib/gcc/arm-none-eabi/11.3.1/thumb/v7e-m+fp/hard/crtbegin.o
                0x0000000008000f10                PROVIDE (__init_array_end = .)
                0x0000000008000f10                . = ALIGN (0x4)

.fini_array     0x0000000008000f10        0x4
                0x0000000008000f10                . = ALIGN (0x4)
                [!provide]                        PROVIDE (__fini_array_start = .)
 *(SORT_BY_NAME(.fini_array.*))
 *(.fini_array*)
 .fini_array    0x0000000008000f10        0x4 C:/ST/STM32CubeIDE_1.13.1/STM32CubeIDE/plugins/com.st.stm32cube.ide.mcu.externaltools.gnu-tools-for-stm32.11.3.rel1.win32_1.1.0.202305231506/tools/bin/../lib/gcc/arm-none-eabi/11.3.1/thumb/v7e-m+fp/hard/crtbegin.o
                [!provide]                        PROVIDE (__fini_array_end = .)
                0x0000000008000f14                . = ALIGN (0x4)
                0x0000000008000f14                _sidata = LOADADDR (.data)

.data           0x0000000020000000       0x38 load address 0x0000000008000f14
                0x0000000020000000                . = ALIGN (0x4)
                0x0000000020000000                _sdata = .
 *(.data)
 *(.data*)
 .data.GPIOPort
                0x0000000020000000       0x20 ./Src/GPIO_program.o
 .data.USART_Index
                0x0000000020000020       0x18 ./Src/USART_program.o
 *(.RamFunc)
 *(.RamFunc*)
                0x0000000020000038                . = ALIGN (0x4)
                0x0000000020000038                _edata = .

.igot.plt       0x0000000020000038        0x0 load address 0x0000000008000f4c
 .igot.plt      0x0000000020000038        0x0 C:/ST/STM32CubeIDE_1.13.1/STM32CubeIDE/plugins/com.st.stm32cube.ide.mcu.externaltools.gnu-tools-for-stm32.11.3.rel1.win32_1.1.0.202305231506/tools/bin/../lib/gcc/arm-none-eabi/11.3.1/thumb/v7e-m+fp/hard/crtbegin.o
                0x0000000020000038                . = ALIGN (0x4)

.bss            0x0000000020000038       0x1c load address 0x0000000008000f4c
                0x0000000020000038                _sbss = .
                0x0000000020000038                __bss_start__ = _sbss
 *(.bss)
 .bss           0x0000000020000038       0x1c C:/ST/STM32CubeIDE_1.13.1/STM32CubeIDE/plugins/com.st.stm32cube.ide.mcu.externaltools.gnu-tools-for-stm32.11.3.rel1.win32_1.1.0.202305231506/tools/bin/../lib/gcc/arm-none-eabi/11.3.1/thumb/v7e-m+fp/hard/crtbegin.o
 *(.bss*)
 *(COMMON)
                0x0000000020000054                . = ALIGN (0x4)
                0x0000000020000054                _ebss = .
                0x0000000020000054                __bss_end__ = _ebss

._user_heap_stack
                0x0000000020000054      0x604 load address 0x0000000008000f4c
                0x0000000020000058                . = ALIGN (0x8)
 *fill*         0x0000000020000054        0x4 
                [!provide]                        PROVIDE (end = .)
                0x0000000020000058                PROVIDE (_end = .)
                0x0000000020000258                . = (. + _Min_Heap_Size)
 *fill*         0x0000000020000058      0x200 
                0x0000000020000658                . = (. + _Min_Stack_Size)
 *fill*         0x0000000020000258      0x400 
                0x0000000020000658                . = ALIGN (0x8)

/DISCARD/
 libc.a(*)
 libm.a(*)
 libgcc.a(*)

.ARM.attributes
                0x0000000000000000       0x30
 *(.ARM.attributes)
 .ARM.attributes
                0x0000000000000000       0x1e C:/ST/STM32CubeIDE_1.13.1/STM32CubeIDE/plugins/com.st.stm32cube.ide.mcu.externaltools.gnu-tools-for-stm32.11.3.rel1.win32_1.1.0.202305231506/tools/bin/../lib/gcc/arm-none-eabi/11.3.1/thumb/v7e-m+fp/hard/crti.o
 .ARM.attributes
                0x000000000000001e       0x34 C:/ST/STM32CubeIDE_1.13.1/STM32CubeIDE/plugins/com.st.stm32cube.ide.mcu.externaltools.gnu-tools-for-stm32.11.3.rel1.win32_1.1.0.202305231506/tools/bin/../lib/gcc/arm-none-eabi/11.3.1/thumb/v7e-m+fp/hard/crtbegin.o
 .ARM.attributes
                0x0000000000000052       0x34 ./Src/APP.o
 .ARM.attributes
                0x0000000000000086       0x34 ./Src/GPIO_program.o
 .ARM.attributes
                0x00000000000000ba       0x34 ./Src/RCC_prog.o
 .ARM.attributes
                0x00000000000000ee       0x34 ./Src/Service.o
 .ARM.attributes
                0x0000000000000122       0x34 ./Src/USART_program.o
 .ARM.attributes
                0x0000000000000156       0x34 ./Src/main.o
 .ARM.attributes
                0x000000000000018a       0x21 ./Startup/startup_stm32f446retx.o
 .ARM.attributes
                0x00000000000001ab       0x34 C:/ST/STM32CubeIDE_1.13.1/STM32CubeIDE/plugins/com.st.stm32cube.ide.mcu.externaltools.gnu-tools-for-stm32.11.3.rel1.win32_1.1.0.202305231506/tools/bin/../lib/gcc/arm-none-eabi/11.3.1/../../../../arm-none-eabi/lib/thumb/v7e-m+fp/hard\libc_nano.a(libc_a-init.o)
 .ARM.attributes
                0x00000000000001df       0x1e C:/ST/STM32CubeIDE_1.13.1/STM32CubeIDE/plugins/com.st.stm32cube.ide.mcu.externaltools.gnu-tools-for-stm32.11.3.rel1.win32_1.1.0.202305231506/tools/bin/../lib/gcc/arm-none-eabi/11.3.1/thumb/v7e-m+fp/hard\libgcc.a(_aeabi_uldivmod.o)
 .ARM.attributes
                0x00000000000001fd       0x34 C:/ST/STM32CubeIDE_1.13.1/STM32CubeIDE/plugins/com.st.stm32cube.ide.mcu.externaltools.gnu-tools-for-stm32.11.3.rel1.win32_1.1.0.202305231506/tools/bin/../lib/gcc/arm-none-eabi/11.3.1/thumb/v7e-m+fp/hard\libgcc.a(_udivmoddi4.o)
 .ARM.attributes
                0x0000000000000231       0x1e C:/ST/STM32CubeIDE_1.13.1/STM32CubeIDE/plugins/com.st.stm32cube.ide.mcu.externaltools.gnu-tools-for-stm32.11.3.rel1.win32_1.1.0.202305231506/tools/bin/../lib/gcc/arm-none-eabi/11.3.1/thumb/v7e-m+fp/hard\libgcc.a(_dvmd_tls.o)
 .ARM.attributes
                0x000000000000024f       0x1e C:/ST/STM32CubeIDE_1.13.1/STM32CubeIDE/plugins/com.st.stm32cube.ide.mcu.externaltools.gnu-tools-for-stm32.11.3.rel1.win32_1.1.0.202305231506/tools/bin/../lib/gcc/arm-none-eabi/11.3.1/thumb/v7e-m+fp/hard/crtn.o
OUTPUT(Alarm_System.elf elf32-littlearm)
LOAD linker stubs
LOAD C:/ST/STM32CubeIDE_1.13.1/STM32CubeIDE/plugins/com.st.stm32cube.ide.mcu.externaltools.gnu-tools-for-stm32.11.3.rel1.win32_1.1.0.202305231506/tools/bin/../lib/gcc/arm-none-eabi/11.3.1/../../../../arm-none-eabi/lib/thumb/v7e-m+fp/hard\libc.a
LOAD C:/ST/STM32CubeIDE_1.13.1/STM32CubeIDE/plugins/com.st.stm32cube.ide.mcu.externaltools.gnu-tools-for-stm32.11.3.rel1.win32_1.1.0.202305231506/tools/bin/../lib/gcc/arm-none-eabi/11.3.1/../../../../arm-none-eabi/lib/thumb/v7e-m+fp/hard\libm.a
LOAD C:/ST/STM32CubeIDE_1.13.1/STM32CubeIDE/plugins/com.st.stm32cube.ide.mcu.externaltools.gnu-tools-for-stm32.11.3.rel1.win32_1.1.0.202305231506/tools/bin/../lib/gcc/arm-none-eabi/11.3.1/thumb/v7e-m+fp/hard\libgcc.a

.comment        0x0000000000000000       0x43
 .comment       0x0000000000000000       0x43 C:/ST/STM32CubeIDE_1.13.1/STM32CubeIDE/plugins/com.st.stm32cube.ide.mcu.externaltools.gnu-tools-for-stm32.11.3.rel1.win32_1.1.0.202305231506/tools/bin/../lib/gcc/arm-none-eabi/11.3.1/thumb/v7e-m+fp/hard/crtbegin.o
                                         0x44 (size before relaxing)
 .comment       0x0000000000000043       0x44 ./Src/APP.o
 .comment       0x0000000000000043       0x44 ./Src/GPIO_program.o
 .comment       0x0000000000000043       0x44 ./Src/RCC_prog.o
 .comment       0x0000000000000043       0x44 ./Src/Service.o
 .comment       0x0000000000000043       0x44 ./Src/USART_program.o
 .comment       0x0000000000000043       0x44 ./Src/main.o

.debug_info     0x0000000000000000     0x1b45
 .debug_info    0x0000000000000000      0x60e ./Src/APP.o
 .debug_info    0x000000000000060e      0x526 ./Src/GPIO_program.o
 .debug_info    0x0000000000000b34      0x815 ./Src/RCC_prog.o
 .debug_info    0x0000000000001349      0x18a ./Src/Service.o
 .debug_info    0x00000000000014d3      0x412 ./Src/USART_program.o
 .debug_info    0x00000000000018e5      0x23d ./Src/main.o
 .debug_info    0x0000000000001b22       0x23 ./Startup/startup_stm32f446retx.o

.debug_abbrev   0x0000000000000000      0x679
 .debug_abbrev  0x0000000000000000       0xf5 ./Src/APP.o
 .debug_abbrev  0x00000000000000f5      0x10e ./Src/GPIO_program.o
 .debug_abbrev  0x0000000000000203      0x13a ./Src/RCC_prog.o
 .debug_abbrev  0x000000000000033d       0xc5 ./Src/Service.o
 .debug_abbrev  0x0000000000000402      0x159 ./Src/USART_program.o
 .debug_abbrev  0x000000000000055b      0x10c ./Src/main.o
 .debug_abbrev  0x0000000000000667       0x12 ./Startup/startup_stm32f446retx.o

.debug_aranges  0x0000000000000000      0x1b8
 .debug_aranges
                0x0000000000000000       0x20 ./Src/APP.o
 .debug_aranges
                0x0000000000000020       0x38 ./Src/GPIO_program.o
 .debug_aranges
                0x0000000000000058       0xa8 ./Src/RCC_prog.o
 .debug_aranges
                0x0000000000000100       0x30 ./Src/Service.o
 .debug_aranges
                0x0000000000000130       0x40 ./Src/USART_program.o
 .debug_aranges
                0x0000000000000170       0x20 ./Src/main.o
 .debug_aranges
                0x0000000000000190       0x28 ./Startup/startup_stm32f446retx.o

.debug_rnglists
                0x0000000000000000      0x12e
 .debug_rnglists
                0x0000000000000000       0x14 ./Src/APP.o
 .debug_rnglists
                0x0000000000000014       0x27 ./Src/GPIO_program.o
 .debug_rnglists
                0x000000000000003b       0x7b ./Src/RCC_prog.o
 .debug_rnglists
                0x00000000000000b6       0x1f ./Src/Service.o
 .debug_rnglists
                0x00000000000000d5       0x2c ./Src/USART_program.o
 .debug_rnglists
                0x0000000000000101       0x14 ./Src/main.o
 .debug_rnglists
                0x0000000000000115       0x19 ./Startup/startup_stm32f446retx.o

.debug_macro    0x0000000000000000     0x1516
 .debug_macro   0x0000000000000000       0xa5 ./Src/APP.o
 .debug_macro   0x00000000000000a5      0xab4 ./Src/APP.o
 .debug_macro   0x0000000000000b59       0x22 ./Src/APP.o
 .debug_macro   0x0000000000000b7b       0x8e ./Src/APP.o
 .debug_macro   0x0000000000000c09       0x51 ./Src/APP.o
 .debug_macro   0x0000000000000c5a      0x103 ./Src/APP.o
 .debug_macro   0x0000000000000d5d       0x6a ./Src/APP.o
 .debug_macro   0x0000000000000dc7      0x1df ./Src/APP.o
 .debug_macro   0x0000000000000fa6       0x10 ./Src/APP.o
 .debug_macro   0x0000000000000fb6       0x34 ./Src/APP.o
 .debug_macro   0x0000000000000fea       0x10 ./Src/APP.o
 .debug_macro   0x0000000000000ffa       0x16 ./Src/APP.o
 .debug_macro   0x0000000000001010       0x91 ./Src/GPIO_program.o
 .debug_macro   0x00000000000010a1       0x8a ./Src/GPIO_program.o
 .debug_macro   0x000000000000112b       0x22 ./Src/GPIO_program.o
 .debug_macro   0x000000000000114d       0x46 ./Src/GPIO_program.o
 .debug_macro   0x0000000000001193       0x4c ./Src/GPIO_program.o
 .debug_macro   0x00000000000011df       0x90 ./Src/RCC_prog.o
 .debug_macro   0x000000000000126f       0x4c ./Src/RCC_prog.o
 .debug_macro   0x00000000000012bb       0x76 ./Src/Service.o
 .debug_macro   0x0000000000001331       0x90 ./Src/USART_program.o
 .debug_macro   0x00000000000013c1       0x5e ./Src/USART_program.o
 .debug_macro   0x000000000000141f       0x52 ./Src/USART_program.o
 .debug_macro   0x0000000000001471       0xa5 ./Src/main.o

.debug_line     0x0000000000000000     0x21d4
 .debug_line    0x0000000000000000      0x48e ./Src/APP.o
 .debug_line    0x000000000000048e      0x6a4 ./Src/GPIO_program.o
 .debug_line    0x0000000000000b32      0x73f ./Src/RCC_prog.o
 .debug_line    0x0000000000001271      0x45e ./Src/Service.o
 .debug_line    0x00000000000016cf      0x5e6 ./Src/USART_program.o
 .debug_line    0x0000000000001cb5      0x4a4 ./Src/main.o
 .debug_line    0x0000000000002159       0x7b ./Startup/startup_stm32f446retx.o

.debug_str      0x0000000000000000     0x51f7
 .debug_str     0x0000000000000000     0x419f ./Src/APP.o
                                       0x431b (size before relaxing)
 .debug_str     0x000000000000419f      0x5da ./Src/GPIO_program.o
                                       0x448b (size before relaxing)
 .debug_str     0x0000000000004779      0x582 ./Src/RCC_prog.o
                                       0x4921 (size before relaxing)
 .debug_str     0x0000000000004cfb       0xb2 ./Src/Service.o
                                       0x3e18 (size before relaxing)
 .debug_str     0x0000000000004dad      0x3f7 ./Src/USART_program.o
                                       0x4424 (size before relaxing)
 .debug_str     0x00000000000051a4       0x24 ./Src/main.o
                                       0x3f00 (size before relaxing)
 .debug_str     0x00000000000051c8       0x2f ./Startup/startup_stm32f446retx.o
                                         0x65 (size before relaxing)

.debug_frame    0x0000000000000000      0x5d8
 .debug_frame   0x0000000000000000       0x34 ./Src/APP.o
 .debug_frame   0x0000000000000034       0xb0 ./Src/GPIO_program.o
 .debug_frame   0x00000000000000e4      0x2e0 ./Src/RCC_prog.o
 .debug_frame   0x00000000000003c4       0x7c ./Src/Service.o
 .debug_frame   0x0000000000000440       0xdc ./Src/USART_program.o
 .debug_frame   0x000000000000051c       0x30 ./Src/main.o
 .debug_frame   0x000000000000054c       0x2c C:/ST/STM32CubeIDE_1.13.1/STM32CubeIDE/plugins/com.st.stm32cube.ide.mcu.externaltools.gnu-tools-for-stm32.11.3.rel1.win32_1.1.0.202305231506/tools/bin/../lib/gcc/arm-none-eabi/11.3.1/../../../../arm-none-eabi/lib/thumb/v7e-m+fp/hard\libc_nano.a(libc_a-init.o)
 .debug_frame   0x0000000000000578       0x2c C:/ST/STM32CubeIDE_1.13.1/STM32CubeIDE/plugins/com.st.stm32cube.ide.mcu.externaltools.gnu-tools-for-stm32.11.3.rel1.win32_1.1.0.202305231506/tools/bin/../lib/gcc/arm-none-eabi/11.3.1/thumb/v7e-m+fp/hard\libgcc.a(_aeabi_uldivmod.o)
 .debug_frame   0x00000000000005a4       0x34 C:/ST/STM32CubeIDE_1.13.1/STM32CubeIDE/plugins/com.st.stm32cube.ide.mcu.externaltools.gnu-tools-for-stm32.11.3.rel1.win32_1.1.0.202305231506/tools/bin/../lib/gcc/arm-none-eabi/11.3.1/thumb/v7e-m+fp/hard\libgcc.a(_udivmoddi4.o)

.debug_line_str
                0x0000000000000000       0x59
 .debug_line_str
                0x0000000000000000       0x59 ./Startup/startup_stm32f446retx.o
                                         0x71 (size before relaxing)
