Archive member included to satisfy reference by file (symbol)

C:/ST/STM32CubeIDE_1.13.1/STM32CubeIDE/plugins/com.st.stm32cube.ide.mcu.externaltools.gnu-tools-for-stm32.11.3.rel1.win32_1.1.0.202305231506/tools/bin/../lib/gcc/arm-none-eabi/11.3.1/../../../../arm-none-eabi/lib/thumb/v7e-m+fp/hard\libc_nano.a(libc_a-exit.o)
                              C:/ST/STM32CubeIDE_1.13.1/STM32CubeIDE/plugins/com.st.stm32cube.ide.mcu.externaltools.gnu-tools-for-stm32.11.3.rel1.win32_1.1.0.202305231506/tools/bin/../lib/gcc/arm-none-eabi/11.3.1/../../../../arm-none-eabi/lib/thumb/v7e-m+fp/hard/crt0.o (exit)
C:/ST/STM32CubeIDE_1.13.1/STM32CubeIDE/plugins/com.st.stm32cube.ide.mcu.externaltools.gnu-tools-for-stm32.11.3.rel1.win32_1.1.0.202305231506/tools/bin/../lib/gcc/arm-none-eabi/11.3.1/../../../../arm-none-eabi/lib/thumb/v7e-m+fp/hard\libc_nano.a(libc_a-findfp.o)
                              C:/ST/STM32CubeIDE_1.13.1/STM32CubeIDE/plugins/com.st.stm32cube.ide.mcu.externaltools.gnu-tools-for-stm32.11.3.rel1.win32_1.1.0.202305231506/tools/bin/../lib/gcc/arm-none-eabi/11.3.1/../../../../arm-none-eabi/lib/thumb/v7e-m+fp/hard\libc_nano.a(libc_a-exit.o) (__stdio_exit_handler)
C:/ST/STM32CubeIDE_1.13.1/STM32CubeIDE/plugins/com.st.stm32cube.ide.mcu.externaltools.gnu-tools-for-stm32.11.3.rel1.win32_1.1.0.202305231506/tools/bin/../lib/gcc/arm-none-eabi/11.3.1/../../../../arm-none-eabi/lib/thumb/v7e-m+fp/hard\libc_nano.a(libc_a-fwalk.o)
                              C:/ST/STM32CubeIDE_1.13.1/STM32CubeIDE/plugins/com.st.stm32cube.ide.mcu.externaltools.gnu-tools-for-stm32.11.3.rel1.win32_1.1.0.202305231506/tools/bin/../lib/gcc/arm-none-eabi/11.3.1/../../../../arm-none-eabi/lib/thumb/v7e-m+fp/hard\libc_nano.a(libc_a-findfp.o) (_fwalk_sglue)
C:/ST/STM32CubeIDE_1.13.1/STM32CubeIDE/plugins/com.st.stm32cube.ide.mcu.externaltools.gnu-tools-for-stm32.11.3.rel1.win32_1.1.0.202305231506/tools/bin/../lib/gcc/arm-none-eabi/11.3.1/../../../../arm-none-eabi/lib/thumb/v7e-m+fp/hard\libc_nano.a(libc_a-stdio.o)
                              C:/ST/STM32CubeIDE_1.13.1/STM32CubeIDE/plugins/com.st.stm32cube.ide.mcu.externaltools.gnu-tools-for-stm32.11.3.rel1.win32_1.1.0.202305231506/tools/bin/../lib/gcc/arm-none-eabi/11.3.1/../../../../arm-none-eabi/lib/thumb/v7e-m+fp/hard\libc_nano.a(libc_a-findfp.o) (__sread)
C:/ST/STM32CubeIDE_1.13.1/STM32CubeIDE/plugins/com.st.stm32cube.ide.mcu.externaltools.gnu-tools-for-stm32.11.3.rel1.win32_1.1.0.202305231506/tools/bin/../lib/gcc/arm-none-eabi/11.3.1/../../../../arm-none-eabi/lib/thumb/v7e-m+fp/hard\libc_nano.a(libc_a-memset.o)
                              C:/ST/STM32CubeIDE_1.13.1/STM32CubeIDE/plugins/com.st.stm32cube.ide.mcu.externaltools.gnu-tools-for-stm32.11.3.rel1.win32_1.1.0.202305231506/tools/bin/../lib/gcc/arm-none-eabi/11.3.1/../../../../arm-none-eabi/lib/thumb/v7e-m+fp/hard/crt0.o (memset)
C:/ST/STM32CubeIDE_1.13.1/STM32CubeIDE/plugins/com.st.stm32cube.ide.mcu.externaltools.gnu-tools-for-stm32.11.3.rel1.win32_1.1.0.202305231506/tools/bin/../lib/gcc/arm-none-eabi/11.3.1/../../../../arm-none-eabi/lib/thumb/v7e-m+fp/hard\libc_nano.a(libc_a-closer.o)
                              C:/ST/STM32CubeIDE_1.13.1/STM32CubeIDE/plugins/com.st.stm32cube.ide.mcu.externaltools.gnu-tools-for-stm32.11.3.rel1.win32_1.1.0.202305231506/tools/bin/../lib/gcc/arm-none-eabi/11.3.1/../../../../arm-none-eabi/lib/thumb/v7e-m+fp/hard\libc_nano.a(libc_a-stdio.o) (_close_r)
C:/ST/STM32CubeIDE_1.13.1/STM32CubeIDE/plugins/com.st.stm32cube.ide.mcu.externaltools.gnu-tools-for-stm32.11.3.rel1.win32_1.1.0.202305231506/tools/bin/../lib/gcc/arm-none-eabi/11.3.1/../../../../arm-none-eabi/lib/thumb/v7e-m+fp/hard\libc_nano.a(libc_a-reent.o)
                              C:/ST/STM32CubeIDE_1.13.1/STM32CubeIDE/plugins/com.st.stm32cube.ide.mcu.externaltools.gnu-tools-for-stm32.11.3.rel1.win32_1.1.0.202305231506/tools/bin/../lib/gcc/arm-none-eabi/11.3.1/../../../../arm-none-eabi/lib/thumb/v7e-m+fp/hard\libc_nano.a(libc_a-closer.o) (errno)
C:/ST/STM32CubeIDE_1.13.1/STM32CubeIDE/plugins/com.st.stm32cube.ide.mcu.externaltools.gnu-tools-for-stm32.11.3.rel1.win32_1.1.0.202305231506/tools/bin/../lib/gcc/arm-none-eabi/11.3.1/../../../../arm-none-eabi/lib/thumb/v7e-m+fp/hard\libc_nano.a(libc_a-impure.o)
                              C:/ST/STM32CubeIDE_1.13.1/STM32CubeIDE/plugins/com.st.stm32cube.ide.mcu.externaltools.gnu-tools-for-stm32.11.3.rel1.win32_1.1.0.202305231506/tools/bin/../lib/gcc/arm-none-eabi/11.3.1/../../../../arm-none-eabi/lib/thumb/v7e-m+fp/hard\libc_nano.a(libc_a-reent.o) (_impure_ptr)
C:/ST/STM32CubeIDE_1.13.1/STM32CubeIDE/plugins/com.st.stm32cube.ide.mcu.externaltools.gnu-tools-for-stm32.11.3.rel1.win32_1.1.0.202305231506/tools/bin/../lib/gcc/arm-none-eabi/11.3.1/../../../../arm-none-eabi/lib/thumb/v7e-m+fp/hard\libc_nano.a(libc_a-lseekr.o)
[...]
Memory Configuration

Name             Origin             Length             Attributes
RAM              0x0000000020000000 0x0000000000020000 xrw
FLASH            0x0000000008000000 0x0000000000080000 xr
*default*        0x0000000000000000 0xffffffffffffffff

Linker script and memory map

LOAD C:/ST/STM32CubeIDE_1.13.1/STM32CubeIDE/plugins/com.st.stm32cube.ide.mcu.externaltools.gnu-tools-for-stm32.11.3.rel1.win32_1.1.0.202305231506/tools/bin/../lib/gcc/arm-none-eabi/11.3.1/thumb/v7e-m+fp/hard/crti.o
LOAD C:/ST/STM32CubeIDE_1.13.1/STM32CubeIDE/plugins/com.st.stm32cube.ide.mcu.externaltools.gnu-tools-for-stm32.11.3.rel1.win32_1.1.0.202305231506/tools/bin/../lib/gcc/arm-none-eabi/11.3.1/thumb/v7e-m+fp/hard/crtbegin.o
LOAD C:/ST/STM32CubeIDE_1.13.1/STM32CubeIDE/plugins/com.st.stm32cube.ide.mcu.externaltools.gnu-tools-for-stm32.11.3.rel1.win32_1.1.0.202305231506/tools/bin/../lib/gcc/arm-none-eabi/11.3.1/../../../../arm-none-eabi/lib/thumb/v7e-m+fp/hard/crt0.o
LOAD ./Src/GPIO_program.o
LOAD ./Src/RCC_prog.o
LOAD ./Src/SYSTIC_program.o
LOAD ./Src/USART_program.o
LOAD ./Src/main.o
LOAD ./Src/syscalls.o
LOAD ./Src/sysmem.o
LOAD ./Startup/startup_stm32f446retx.o
START GROUP
LOAD C:/ST/STM32CubeIDE_1.13.1/STM32CubeIDE/plugins/com.st.stm32cube.ide.mcu.externaltools.gnu-tools-for-stm32.11.3.rel1.win32_1.1.0.202305231506/tools/bin/../lib/gcc/arm-none-eabi/11.3.1/../../../../arm-none-eabi/lib/thumb/v7e-m+fp/hard\libc_nano.a
LOAD C:/ST/STM32CubeIDE_1.13.1/STM32CubeIDE/plugins/com.st.stm32cube.ide.mcu.externaltools.gnu-tools-for-stm32.11.3.rel1.win32_1.1.0.202305231506/tools/bin/../lib/gcc/arm-none-eabi/11.3.1/../../../../arm-none-eabi/lib/thumb/v7e-m+fp/hard\libm.a
END GROUP
START GROUP
LOAD C:/ST/STM32CubeIDE_1.13.1/STM32CubeIDE/plugins/com.st.stm32cube.ide.mcu.externaltools.gnu-tools-for-stm32.11.3.rel1.win32_1.1.0.202305231506/tools/bin/../lib/gcc/arm-none-eabi/11.3.1/thumb/v7e-m+fp/hard\libgcc.a
LOAD C:/ST/STM32CubeIDE_1.13.1/STM32CubeIDE/plugins/com.st.stm32cube.ide.mcu.externaltools.gnu-tools-for-stm32.11.3.rel1.win32_1.1.0.202305231506/tools/bin/../lib/gcc/arm-none-eabi/11.3.1/../../../../arm-none-eabi/lib/thumb/v7e-m+fp/hard\libc_nano.a
END GROUP
START GROUP
LOAD C:/ST/STM32CubeIDE_1.13.1/STM32CubeIDE/plugins/com.st.stm32cube.ide.mcu.externaltools.gnu-tools-for-stm32.11.3.rel1.win32_1.1.0.202305231506/tools/bin/../lib/gcc/arm-none-eabi/11.3.1/thumb/v7e-m+fp/hard\libgcc.a
LOAD C:/ST/STM32CubeIDE_1.13.1/STM32CubeIDE/plugins/com.st.stm32cube.ide.mcu.externaltools.gnu-tools-for-stm32.11.3.rel1.win32_1.1.0.202305231506/tools/bin/../lib/gcc/arm-none-eabi/11.3.1/../../../../arm-none-eabi/lib/thumb/v7e-m+fp/hard\libc_nano.a
LOAD C:/ST/STM32CubeIDE_1.13.1/STM32CubeIDE/plugins/com.st.stm32cube.ide.mcu.externaltools.gnu-tools-for-stm32.11.3.rel1.win32_1.1.0.202305231506/tools/bin/../lib/gcc/arm-none-eabi/11.3.1/../../../../arm-none-eabi/lib/thumb/v7e-m+fp/hard\libnosys.a
END GROUP
START GROUP
LOAD C:/ST/STM32CubeIDE_1.13.1/STM32CubeIDE/plugins/com.st.stm32cube.ide.mcu.externaltools.gnu-tools-for-stm32.11.3.rel1.win32_1.1.0.202305231506/tools/bin/../lib/gcc/arm-none-eabi/11.3.1/thumb/v7e-m+fp/hard\libgcc.a
LOAD C:/ST/STM32CubeIDE_1.13.1/STM32CubeIDE/plugins/com.st.stm32cube.ide.mcu.externaltools.gnu-tools-for-stm32.11.3.rel1.win32_1.1.0.202305231506/tools/bin/../lib/gcc/arm-none-eabi/11.3.1/../../../../arm-none-eabi/lib/thumb/v7e-m+fp/hard\libc_nano.a
LOAD C:/ST/STM32CubeIDE_1.13.1/STM32CubeIDE/plugins/com.st.stm32cube.ide.mcu.externaltools.gnu-tools-for-stm32.11.3.rel1.win32_1.1.0.202305231506/tools/bin/../lib/gcc/arm-none-eabi/11.3.1/../../../../arm-none-eabi/lib/thumb/v7e-m+fp/hard\libnosys.a
END GROUP
LOAD C:/ST/STM32CubeIDE_1.13.1/STM32CubeIDE/plugins/com.st.stm32cube.ide.mcu.externaltools.gnu-tools-for-stm32.11.3.rel1.win32_1.1.0.202305231506/tools/bin/../lib/gcc/arm-none-eabi/11.3.1/thumb/v7e-m+fp/hard/crtend.o
LOAD C:/ST/STM32CubeIDE_1.13.1/STM32CubeIDE/plugins/com.st.stm32cube.ide.mcu.externaltools.gnu-tools-for-stm32.11.3.rel1.win32_1.1.0.202305231506/tools/bin/../lib/gcc/arm-none-eabi/11.3.1/thumb/v7e-m+fp/hard/crtn.o
                0x0000000020020000                _estack = (ORIGIN (RAM) + LENGTH (RAM))
                0x0000000000000200                _Min_Heap_Size = 0x200
                0x0000000000000400                _Min_Stack_Size = 0x400

.isr_vector     0x0000000008000000      0x1c4
                0x0000000008000000                . = ALIGN (0x4)
 *(.isr_vector)
 .isr_vector    0x0000000008000000      0x1c4 ./Startup/startup_stm32f446retx.o
                0x0000000008000000                g_pfnVectors
                0x00000000080001c4                . = ALIGN (0x4)

.text           0x00000000080001c4      0xba8
                0x00000000080001c4                . = ALIGN (0x4)
 *(.text)
 .text          0x00000000080001c4       0x40 C:/ST/STM32CubeIDE_1.13.1/STM32CubeIDE/plugins/com.st.stm32cube.ide.mcu.externaltools.gnu-tools-for-stm32.11.3.rel1.win32_1.1.0.202305231506/tools/bin/../lib/gcc/arm-none-eabi/11.3.1/thumb/v7e-m+fp/hard/crtbegin.o
 .text          0x0000000008000204       0x30 C:/ST/STM32CubeIDE_1.13.1/STM32CubeIDE/plugins/com.st.stm32cube.ide.mcu.externaltools.gnu-tools-for-stm32.11.3.rel1.win32_1.1.0.202305231506/tools/bin/../lib/gcc/arm-none-eabi/11.3.1/thumb/v7e-m+fp/hard\libgcc.a(_aeabi_uldivmod.o)
                0x0000000008000204                __aeabi_uldivmod
 .text          0x0000000008000234      0x2c8 C:/ST/STM32CubeIDE_1.13.1/STM32CubeIDE/plugins/com.st.stm32cube.ide.mcu.externaltools.gnu-tools-for-stm32.11.3.rel1.win32_1.1.0.202305231506/tools/bin/../lib/gcc/arm-none-eabi/11.3.1/thumb/v7e-m+fp/hard\libgcc.a(_udivmoddi4.o)
                0x0000000008000234                __udivmoddi4
 .text          0x00000000080004fc        0x4 C:/ST/STM32CubeIDE_1.13.1/STM32CubeIDE/plugins/com.st.stm32cube.ide.mcu.externaltools.gnu-tools-for-stm32.11.3.rel1.win32_1.1.0.202305231506/tools/bin/../lib/gcc/arm-none-eabi/11.3.1/thumb/v7e-m+fp/hard\libgcc.a(_dvmd_tls.o)
                0x00000000080004fc                __aeabi_idiv0
                0x00000000080004fc                __aeabi_ldiv0
 *(.text*)
 .text.GPIO_u8PinInit
                0x0000000008000500      0x25c ./Src/GPIO_program.o
                0x0000000008000500                GPIO_u8PinInit
 .text.GPIO_u8SetPinValue
                0x000000000800075c       0x90 ./Src/GPIO_program.o
                0x000000000800075c                GPIO_u8SetPinValue
 .text.RCC_AHB1EnableClk
                0x00000000080007ec       0x30 ./Src/RCC_prog.o
                0x00000000080007ec                RCC_AHB1EnableClk
 .text.RCC_APB1Enable
                0x000000000800081c       0x30 ./Src/RCC_prog.o
                0x000000000800081c                RCC_APB1Enable
 .text.USART_u8Init
                0x000000000800084c      0x2b8 ./Src/USART_program.o
                0x000000000800084c                USART_u8Init
 .text.USART_u8ReceiveCharSynch
                0x0000000008000b04       0x6c ./Src/USART_program.o
                0x0000000008000b04                USART_u8ReceiveCharSynch
 .text.USART_voidTransmitCharSynch
                0x0000000008000b70       0x58 ./Src/USART_program.o
                0x0000000008000b70                USART_voidTransmitCharSynch
 .text.setup    0x0000000008000bc8       0x98 ./Src/main.o
                0x0000000008000bc8                setup
 .text.main     0x0000000008000c60       0x58 ./Src/main.o
                0x0000000008000c60                main
 .text.Reset_Handler
                0x0000000008000cb8       0x50 ./Startup/startup_stm32f446retx.o
                0x0000000008000cb8                Reset_Handler
 .text.Default_Handler
                0x0000000008000d08        0x2 ./Startup/startup_stm32f446retx.o
                0x0000000008000d08                RTC_Alarm_IRQHandler
                0x0000000008000d08                EXTI2_IRQHandler
                0x0000000008000d08                TIM8_CC_IRQHandler
                0x0000000008000d08                SPDIF_Rx_IRQHandler
                0x0000000008000d08                DebugMon_Handler
                0x0000000008000d08                SPI4_IRQHandler
                0x0000000008000d08                TIM1_CC_IRQHandler
                0x0000000008000d08                QuadSPI_IRQHandler
                0x0000000008000d08                DMA2_Stream5_IRQHandler
                0x0000000008000d08                HardFault_Handler
                0x0000000008000d08                DMA1_Stream5_IRQHandler
                0x0000000008000d08                SysTick_Handler
                0x0000000008000d08                PVD_IRQHandler
                0x0000000008000d08                SDIO_IRQHandler
                0x0000000008000d08                TAMP_STAMP_IRQHandler
                0x0000000008000d08                PendSV_Handler
                0x0000000008000d08                NMI_Handler
                0x0000000008000d08                CAN2_RX1_IRQHandler
                0x0000000008000d08                EXTI3_IRQHandler
                0x0000000008000d08                TIM8_TRG_COM_TIM14_IRQHandler
                0x0000000008000d08                TIM1_UP_TIM10_IRQHandler
                0x0000000008000d08                FMPI2C1_error_IRQHandler
                0x0000000008000d08                TIM8_UP_TIM13_IRQHandler
                0x0000000008000d08                I2C3_ER_IRQHandler
                0x0000000008000d08                EXTI0_IRQHandler
                0x0000000008000d08                I2C2_EV_IRQHandler
                0x0000000008000d08                DMA1_Stream2_IRQHandler
                0x0000000008000d08                CAN1_RX0_IRQHandler
                0x0000000008000d08                OTG_HS_WKUP_IRQHandler
                0x0000000008000d08                UsageFault_Handler
                0x0000000008000d08                CAN2_SCE_IRQHandler
                0x0000000008000d08                DMA2_Stream2_IRQHandler
                0x0000000008000d08                SPI1_IRQHandler
                0x0000000008000d08                TIM6_DAC_IRQHandler
                0x0000000008000d08                TIM1_BRK_TIM9_IRQHandler
                0x0000000008000d08                DCMI_IRQHandler
                0x0000000008000d08                CAN2_RX0_IRQHandler
                0x0000000008000d08                DMA2_Stream3_IRQHandler
                0x0000000008000d08                FMPI2C1_IRQHandler
                0x0000000008000d08                SAI2_IRQHandler
                0x0000000008000d08                USART6_IRQHandler
                0x0000000008000d08                USART3_IRQHandler
                0x0000000008000d08                CAN1_RX1_IRQHandler
                0x0000000008000d08                UART5_IRQHandler
                0x0000000008000d08                DMA2_Stream0_IRQHandler
                0x0000000008000d08                TIM4_IRQHandler
                0x0000000008000d08                I2C1_EV_IRQHandler
                0x0000000008000d08                HDMI_CEC_IRQHandler
                0x0000000008000d08                DMA1_Stream6_IRQHandler
                0x0000000008000d08                DMA1_Stream1_IRQHandler
                0x0000000008000d08                UART4_IRQHandler
                0x0000000008000d08                TIM3_IRQHandler
                0x0000000008000d08                RCC_IRQHandler
                0x0000000008000d08                TIM8_BRK_TIM12_IRQHandler
                0x0000000008000d08                Default_Handler
                0x0000000008000d08                EXTI15_10_IRQHandler
                0x0000000008000d08                ADC_IRQHandler
                0x0000000008000d08                DMA1_Stream7_IRQHandler
                0x0000000008000d08                TIM7_IRQHandler
                0x0000000008000d08                CAN2_TX_IRQHandler
                0x0000000008000d08                TIM5_IRQHandler
                0x0000000008000d08                DMA2_Stream7_IRQHandler
                0x0000000008000d08                I2C3_EV_IRQHandler
                0x0000000008000d08                EXTI9_5_IRQHandler
                0x0000000008000d08                RTC_WKUP_IRQHandler
                0x0000000008000d08                SPI2_IRQHandler
                0x0000000008000d08                OTG_HS_EP1_IN_IRQHandler
                0x0000000008000d08                MemManage_Handler
                0x0000000008000d08                DMA1_Stream0_IRQHandler
                0x0000000008000d08                CAN1_TX_IRQHandler
                0x0000000008000d08                SVC_Handler
                0x0000000008000d08                EXTI4_IRQHandler
                0x0000000008000d08                OTG_HS_EP1_OUT_IRQHandler
                0x0000000008000d08                WWDG_IRQHandler
                0x0000000008000d08                TIM2_IRQHandler
                0x0000000008000d08                OTG_FS_WKUP_IRQHandler
                0x0000000008000d08                TIM1_TRG_COM_TIM11_IRQHandler
                0x0000000008000d08                OTG_HS_IRQHandler
                0x0000000008000d08                EXTI1_IRQHandler
                0x0000000008000d08                USART2_IRQHandler
                0x0000000008000d08                I2C2_ER_IRQHandler
                0x0000000008000d08                DMA2_Stream1_IRQHandler
                0x0000000008000d08                CAN1_SCE_IRQHandler
                0x0000000008000d08                FLASH_IRQHandler
                0x0000000008000d08                DMA2_Stream4_IRQHandler
                0x0000000008000d08                BusFault_Handler
                0x0000000008000d08                USART1_IRQHandler
                0x0000000008000d08                OTG_FS_IRQHandler
                0x0000000008000d08                SPI3_IRQHandler
                0x0000000008000d08                DMA1_Stream4_IRQHandler
                0x0000000008000d08                I2C1_ER_IRQHandler
                0x0000000008000d08                FMC_IRQHandler
                0x0000000008000d08                DMA2_Stream6_IRQHandler
                0x0000000008000d08                SAI1_IRQHandler
                0x0000000008000d08                DMA1_Stream3_IRQHandler
 *fill*         0x0000000008000d0a        0x2 
 .text.__libc_init_array
                0x0000000008000d0c       0x48 C:/ST/STM32CubeIDE_1.13.1/STM32CubeIDE/plugins/com.st.stm32cube.ide.mcu.externaltools.gnu-tools-for-stm32.11.3.rel1.win32_1.1.0.202305231506/tools/bin/../lib/gcc/arm-none-eabi/11.3.1/../../../../arm-none-eabi/lib/thumb/v7e-m+fp/hard\libc_nano.a(libc_a-init.o)
                0x0000000008000d0c                __libc_init_array
 *(.glue_7)
 .glue_7        0x0000000008000d54        0x0 linker stubs
 *(.glue_7t)
 .glue_7t       0x0000000008000d54        0x0 linker stubs
 *(.eh_frame)
 .eh_frame      0x0000000008000d54        0x0 C:/ST/STM32CubeIDE_1.13.1/STM32CubeIDE/plugins/com.st.stm32cube.ide.mcu.externaltools.gnu-tools-for-stm32.11.3.rel1.win32_1.1.0.202305231506/tools/bin/../lib/gcc/arm-none-eabi/11.3.1/thumb/v7e-m+fp/hard/crtbegin.o
 *(.init)
 .init          0x0000000008000d54        0x4 C:/ST/STM32CubeIDE_1.13.1/STM32CubeIDE/plugins/com.st.stm32cube.ide.mcu.externaltools.gnu-tools-for-stm32.11.3.rel1.win32_1.1.0.202305231506/tools/bin/../lib/gcc/arm-none-eabi/11.3.1/thumb/v7e-m+fp/hard/crti.o
                0x0000000008000d54                _init
 .init          0x0000000008000d58        0x8 C:/ST/STM32CubeIDE_1.13.1/STM32CubeIDE/plugins/com.st.stm32cube.ide.mcu.externaltools.gnu-tools-for-stm32.11.3.rel1.win32_1.1.0.202305231506/tools/bin/../lib/gcc/arm-none-eabi/11.3.1/thumb/v7e-m+fp/hard/crtn.o
 *(.fini)
 .fini          0x0000000008000d60        0x4 C:/ST/STM32CubeIDE_1.13.1/STM32CubeIDE/plugins/com.st.stm32cube.ide.mcu.externaltools.gnu-tools-for-stm32.11.3.rel1.win32_1.1.0.202305231506/tools/bin/../lib/gcc/arm-none-eabi/11.3.1/thumb/v7e-m+fp/hard/crti.o
                0x0000000008000d60                _fini
 .fini          0x0000000008000d64        0x8 C:/ST/STM32CubeIDE_1.13.1/STM32CubeIDE/plugins/com.st.stm32cube.ide.mcu.externaltools.gnu-tools-for-stm32.11.3.rel1.win32_1.1.0.202305231506/tools/bin/../lib/gcc/arm-none-eabi/11.3.1/thumb/v7e-m+fp/hard/crtn.o
                0x0000000008000d6c                . = ALIGN (0x4)
                0x0000000008000d6c                _etext = .

.vfp11_veneer   0x0000000008000d6c        0x0
 .vfp11_veneer  0x0000000008000d6c        0x0 linker stubs

.v4_bx          0x0000000008000d6c        0x0
 .v4_bx         0x0000000008000d6c        0x0 linker stubs

.iplt           0x0000000008000d6c        0x0
 .iplt          0x0000000008000d6c        0x0 C:/ST/STM32CubeIDE_1.13.1/STM32CubeIDE/plugins/com.st.stm32cube.ide.mcu.externaltools.gnu-tools-for-stm32.11.3.rel1.win32_1.1.0.202305231506/tools/bin/../lib/gcc/arm-none-eabi/11.3.1/thumb/v7e-m+fp/hard/crtbegin.o

.rodata         0x0000000008000d6c       0x10
                0x0000000008000d6c                . = ALIGN (0x4)
 *(.rodata)
 .rodata        0x0000000008000d6c        0xd ./Src/main.o
 *(.rodata*)
                0x0000000008000d7c                . = ALIGN (0x4)
 *fill*         0x0000000008000d79        0x3 

.ARM.extab      0x0000000008000d7c        0x0
                0x0000000008000d7c                . = ALIGN (0x4)
 *(.ARM.extab* .gnu.linkonce.armextab.*)
                0x0000000008000d7c                . = ALIGN (0x4)

.ARM            0x0000000008000d7c        0x8
                0x0000000008000d7c                . = ALIGN (0x4)
                0x0000000008000d7c                __exidx_start = .
 *(.ARM.exidx*)
 .ARM.exidx     0x0000000008000d7c        0x8 C:/ST/STM32CubeIDE_1.13.1/STM32CubeIDE/plugins/com.st.stm32cube.ide.mcu.externaltools.gnu-tools-for-stm32.11.3.rel1.win32_1.1.0.202305231506/tools/bin/../lib/gcc/arm-none-eabi/11.3.1/thumb/v7e-m+fp/hard\libgcc.a(_udivmoddi4.o)
                0x0000000008000d84                __exidx_end = .
                0x0000000008000d84                . = ALIGN (0x4)

.rel.dyn        0x0000000008000d84        0x0
 .rel.iplt      0x0000000008000d84        0x0 C:/ST/STM32CubeIDE_1.13.1/STM32CubeIDE/plugins/com.st.stm32cube.ide.mcu.externaltools.gnu-tools-for-stm32.11.3.rel1.win32_1.1.0.202305231506/tools/bin/../lib/gcc/arm-none-eabi/11.3.1/thumb/v7e-m+fp/hard/crtbegin.o

.preinit_array  0x0000000008000d84        0x0
                0x0000000008000d84                . = ALIGN (0x4)
                0x0000000008000d84                PROVIDE (__preinit_array_start = .)
 *(.preinit_array*)
                0x0000000008000d84                PROVIDE (__preinit_array_end = .)
                0x0000000008000d84                . = ALIGN (0x4)

.init_array     0x0000000008000d84        0x4
                0x0000000008000d84                . = ALIGN (0x4)
                0x0000000008000d84                PROVIDE (__init_array_start = .)
 *(SORT_BY_NAME(.init_array.*))
 *(.init_array*)
 .init_array    0x0000000008000d84        0x4 C:/ST/STM32CubeIDE_1.13.1/STM32CubeIDE/plugins/com.st.stm32cube.ide.mcu.externaltools.gnu-tools-for-stm32.11.3.rel1.win32_1.1.0.202305231506/tools/bin/../lib/gcc/arm-none-eabi/11.3.1/thumb/v7e-m+fp/hard/crtbegin.o
                0x0000000008000d88                PROVIDE (__init_array_end = .)
                0x0000000008000d88                . = ALIGN (0x4)

.fini_array     0x0000000008000d88        0x4
                0x0000000008000d88                . = ALIGN (0x4)
                [!provide]                        PROVIDE (__fini_array_start = .)
 *(SORT_BY_NAME(.fini_array.*))
 *(.fini_array*)
 .fini_array    0x0000000008000d88        0x4 C:/ST/STM32CubeIDE_1.13.1/STM32CubeIDE/plugins/com.st.stm32cube.ide.mcu.externaltools.gnu-tools-for-stm32.11.3.rel1.win32_1.1.0.202305231506/tools/bin/../lib/gcc/arm-none-eabi/11.3.1/thumb/v7e-m+fp/hard/crtbegin.o
                [!provide]                        PROVIDE (__fini_array_end = .)
                0x0000000008000d8c                . = ALIGN (0x4)
                0x0000000008000d8c                _sidata = LOADADDR (.data)

.data           0x0000000020000000       0x38 load address 0x0000000008000d8c
                0x0000000020000000                . = ALIGN (0x4)
                0x0000000020000000                _sdata = .
 *(.data)
 *(.data*)
 .data.GPIOPort
                0x0000000020000000       0x20 ./Src/GPIO_program.o
 .data.USART_Index
                0x0000000020000020       0x18 ./Src/USART_program.o
 *(.RamFunc)
 *(.RamFunc*)
                0x0000000020000038                . = ALIGN (0x4)
                0x0000000020000038                _edata = .

.igot.plt       0x0000000020000038        0x0 load address 0x0000000008000dc4
 .igot.plt      0x0000000020000038        0x0 C:/ST/STM32CubeIDE_1.13.1/STM32CubeIDE/plugins/com.st.stm32cube.ide.mcu.externaltools.gnu-tools-for-stm32.11.3.rel1.win32_1.1.0.202305231506/tools/bin/../lib/gcc/arm-none-eabi/11.3.1/thumb/v7e-m+fp/hard/crtbegin.o
                0x0000000020000038                . = ALIGN (0x4)

.bss            0x0000000020000038       0x1c load address 0x0000000008000dc4
                0x0000000020000038                _sbss = .
                0x0000000020000038                __bss_start__ = _sbss
 *(.bss)
 .bss           0x0000000020000038       0x1c C:/ST/STM32CubeIDE_1.13.1/STM32CubeIDE/plugins/com.st.stm32cube.ide.mcu.externaltools.gnu-tools-for-stm32.11.3.rel1.win32_1.1.0.202305231506/tools/bin/../lib/gcc/arm-none-eabi/11.3.1/thumb/v7e-m+fp/hard/crtbegin.o
 *(.bss*)
 *(COMMON)
                0x0000000020000054                . = ALIGN (0x4)
                0x0000000020000054                _ebss = .
                0x0000000020000054                __bss_end__ = _ebss

._user_heap_stack
                0x0000000020000054      0x604 load address 0x0000000008000dc4
                0x0000000020000058                . = ALIGN (0x8)
 *fill*         0x0000000020000054        0x4 
                [!provide]                        PROVIDE (end = .)
                0x0000000020000058                PROVIDE (_end = .)
                0x0000000020000258                . = (. + _Min_Heap_Size)
 *fill*         0x0000000020000058      0x200 
                0x0000000020000658                . = (. + _Min_Stack_Size)
 *fill*         0x0000000020000258      0x400 
                0x0000000020000658                . = ALIGN (0x8)

/DISCARD/
 libc.a(*)
 libm.a(*)
 libgcc.a(*)

.ARM.attributes
                0x0000000000000000       0x30
 *(.ARM.attributes)
 .ARM.attributes
                0x0000000000000000       0x1e C:/ST/STM32CubeIDE_1.13.1/STM32CubeIDE/plugins/com.st.stm32cube.ide.mcu.externaltools.gnu-tools-for-stm32.11.3.rel1.win32_1.1.0.202305231506/tools/bin/../lib/gcc/arm-none-eabi/11.3.1/thumb/v7e-m+fp/hard/crti.o
 .ARM.attributes
                0x000000000000001e       0x34 C:/ST/STM32CubeIDE_1.13.1/STM32CubeIDE/plugins/com.st.stm32cube.ide.mcu.externaltools.gnu-tools-for-stm32.11.3.rel1.win32_1.1.0.202305231506/tools/bin/../lib/gcc/arm-none-eabi/11.3.1/thumb/v7e-m+fp/hard/crtbegin.o
 .ARM.attributes
                0x0000000000000052       0x34 ./Src/GPIO_program.o
 .ARM.attributes
                0x0000000000000086       0x34 ./Src/RCC_prog.o
 .ARM.attributes
                0x00000000000000ba       0x34 ./Src/USART_program.o
 .ARM.attributes
                0x00000000000000ee       0x34 ./Src/main.o
 .ARM.attributes
                0x0000000000000122       0x21 ./Startup/startup_stm32f446retx.o
 .ARM.attributes
                0x0000000000000143       0x34 C:/ST/STM32CubeIDE_1.13.1/STM32CubeIDE/plugins/com.st.stm32cube.ide.mcu.externaltools.gnu-tools-for-stm32.11.3.rel1.win32_1.1.0.202305231506/tools/bin/../lib/gcc/arm-none-eabi/11.3.1/../../../../arm-none-eabi/lib/thumb/v7e-m+fp/hard\libc_nano.a(libc_a-init.o)
 .ARM.attributes
                0x0000000000000177       0x1e C:/ST/STM32CubeIDE_1.13.1/STM32CubeIDE/plugins/com.st.stm32cube.ide.mcu.externaltools.gnu-tools-for-stm32.11.3.rel1.win32_1.1.0.202305231506/tools/bin/../lib/gcc/arm-none-eabi/11.3.1/thumb/v7e-m+fp/hard\libgcc.a(_aeabi_uldivmod.o)
 .ARM.attributes
                0x0000000000000195       0x34 C:/ST/STM32CubeIDE_1.13.1/STM32CubeIDE/plugins/com.st.stm32cube.ide.mcu.externaltools.gnu-tools-for-stm32.11.3.rel1.win32_1.1.0.202305231506/tools/bin/../lib/gcc/arm-none-eabi/11.3.1/thumb/v7e-m+fp/hard\libgcc.a(_udivmoddi4.o)
 .ARM.attributes
                0x00000000000001c9       0x1e C:/ST/STM32CubeIDE_1.13.1/STM32CubeIDE/plugins/com.st.stm32cube.ide.mcu.externaltools.gnu-tools-for-stm32.11.3.rel1.win32_1.1.0.202305231506/tools/bin/../lib/gcc/arm-none-eabi/11.3.1/thumb/v7e-m+fp/hard\libgcc.a(_dvmd_tls.o)
 .ARM.attributes
                0x00000000000001e7       0x1e C:/ST/STM32CubeIDE_1.13.1/STM32CubeIDE/plugins/com.st.stm32cube.ide.mcu.externaltools.gnu-tools-for-stm32.11.3.rel1.win32_1.1.0.202305231506/tools/bin/../lib/gcc/arm-none-eabi/11.3.1/thumb/v7e-m+fp/hard/crtn.o
OUTPUT(Alarm_System.elf elf32-littlearm)
LOAD linker stubs
LOAD C:/ST/STM32CubeIDE_1.13.1/STM32CubeIDE/plugins/com.st.stm32cube.ide.mcu.externaltools.gnu-tools-for-stm32.11.3.rel1.win32_1.1.0.202305231506/tools/bin/../lib/gcc/arm-none-eabi/11.3.1/../../../../arm-none-eabi/lib/thumb/v7e-m+fp/hard\libc.a
LOAD C:/ST/STM32CubeIDE_1.13.1/STM32CubeIDE/plugins/com.st.stm32cube.ide.mcu.externaltools.gnu-tools-for-stm32.11.3.rel1.win32_1.1.0.202305231506/tools/bin/../lib/gcc/arm-none-eabi/11.3.1/../../../../arm-none-eabi/lib/thumb/v7e-m+fp/hard\libm.a
LOAD C:/ST/STM32CubeIDE_1.13.1/STM32CubeIDE/plugins/com.st.stm32cube.ide.mcu.externaltools.gnu-tools-for-stm32.11.3.rel1.win32_1.1.0.202305231506/tools/bin/../lib/gcc/arm-none-eabi/11.3.1/thumb/v7e-m+fp/hard\libgcc.a

.comment        0x0000000000000000       0x43
 .comment       0x0000000000000000       0x43 C:/ST/STM32CubeIDE_1.13.1/STM32CubeIDE/plugins/com.st.stm32cube.ide.mcu.externaltools.gnu-tools-for-stm32.11.3.rel1.win32_1.1.0.202305231506/tools/bin/../lib/gcc/arm-none-eabi/11.3.1/thumb/v7e-m+fp/hard/crtbegin.o
                                         0x44 (size before relaxing)
 .comment       0x0000000000000043       0x44 ./Src/GPIO_program.o
 .comment       0x0000000000000043       0x44 ./Src/RCC_prog.o
 .comment       0x0000000000000043       0x44 ./Src/USART_program.o
 .comment       0x0000000000000043       0x44 ./Src/main.o

.debug_info     0x0000000000000000     0x17b6
 .debug_info    0x0000000000000000      0x526 ./Src/GPIO_program.o
 .debug_info    0x0000000000000526      0x815 ./Src/RCC_prog.o
 .debug_info    0x0000000000000d3b      0x384 ./Src/USART_program.o
 .debug_info    0x00000000000010bf      0x6d4 ./Src/main.o
 .debug_info    0x0000000000001793       0x23 ./Startup/startup_stm32f446retx.o

.debug_abbrev   0x0000000000000000      0x4b9
 .debug_abbrev  0x0000000000000000      0x10e ./Src/GPIO_program.o
 .debug_abbrev  0x000000000000010e      0x13a ./Src/RCC_prog.o
 .debug_abbrev  0x0000000000000248      0x13d ./Src/USART_program.o
 .debug_abbrev  0x0000000000000385      0x122 ./Src/main.o
 .debug_abbrev  0x00000000000004a7       0x12 ./Startup/startup_stm32f446retx.o

.debug_aranges  0x0000000000000000      0x160
 .debug_aranges
                0x0000000000000000       0x38 ./Src/GPIO_program.o
 .debug_aranges
                0x0000000000000038       0xa8 ./Src/RCC_prog.o
 .debug_aranges
                0x00000000000000e0       0x30 ./Src/USART_program.o
 .debug_aranges
                0x0000000000000110       0x28 ./Src/main.o
 .debug_aranges
                0x0000000000000138       0x28 ./Startup/startup_stm32f446retx.o

.debug_rnglists
                0x0000000000000000       0xf5
 .debug_rnglists
                0x0000000000000000       0x27 ./Src/GPIO_program.o
 .debug_rnglists
                0x0000000000000027       0x7b ./Src/RCC_prog.o
 .debug_rnglists
                0x00000000000000a2       0x20 ./Src/USART_program.o
 .debug_rnglists
                0x00000000000000c2       0x1a ./Src/main.o
 .debug_rnglists
                0x00000000000000dc       0x19 ./Startup/startup_stm32f446retx.o

.debug_macro    0x0000000000000000     0x13be
 .debug_macro   0x0000000000000000       0x91 ./Src/GPIO_program.o
 .debug_macro   0x0000000000000091      0xab4 ./Src/GPIO_program.o
 .debug_macro   0x0000000000000b45       0x22 ./Src/GPIO_program.o
 .debug_macro   0x0000000000000b67       0x8e ./Src/GPIO_program.o
 .debug_macro   0x0000000000000bf5       0x51 ./Src/GPIO_program.o
 .debug_macro   0x0000000000000c46      0x103 ./Src/GPIO_program.o
 .debug_macro   0x0000000000000d49       0x6a ./Src/GPIO_program.o
 .debug_macro   0x0000000000000db3      0x1df ./Src/GPIO_program.o
 .debug_macro   0x0000000000000f92       0x8a ./Src/GPIO_program.o
 .debug_macro   0x000000000000101c       0x22 ./Src/GPIO_program.o
 .debug_macro   0x000000000000103e       0x46 ./Src/GPIO_program.o
 .debug_macro   0x0000000000001084       0x4c ./Src/GPIO_program.o
 .debug_macro   0x00000000000010d0       0x90 ./Src/RCC_prog.o
 .debug_macro   0x0000000000001160       0x34 ./Src/RCC_prog.o
 .debug_macro   0x0000000000001194       0x4c ./Src/RCC_prog.o
 .debug_macro   0x00000000000011e0       0x90 ./Src/USART_program.o
 .debug_macro   0x0000000000001270       0x16 ./Src/USART_program.o
 .debug_macro   0x0000000000001286       0x5e ./Src/USART_program.o
 .debug_macro   0x00000000000012e4       0x52 ./Src/USART_program.o
 .debug_macro   0x0000000000001336       0x88 ./Src/main.o

.debug_line     0x0000000000000000     0x188e
 .debug_line    0x0000000000000000      0x6a4 ./Src/GPIO_program.o
 .debug_line    0x00000000000006a4      0x73f ./Src/RCC_prog.o
 .debug_line    0x0000000000000de3      0x58c ./Src/USART_program.o
 .debug_line    0x000000000000136f      0x4a4 ./Src/main.o
 .debug_line    0x0000000000001813       0x7b ./Startup/startup_stm32f446retx.o

.debug_str      0x0000000000000000     0x50ff
 .debug_str     0x0000000000000000     0x430d ./Src/GPIO_program.o
                                       0x448b (size before relaxing)
 .debug_str     0x000000000000430d      0x7ff ./Src/RCC_prog.o
                                       0x4921 (size before relaxing)
 .debug_str     0x0000000000004b0c      0x553 ./Src/USART_program.o
                                       0x43bd (size before relaxing)
 .debug_str     0x000000000000505f       0x71 ./Src/main.o
                                       0x4354 (size before relaxing)
 .debug_str     0x00000000000050d0       0x2f ./Startup/startup_stm32f446retx.o
                                         0x65 (size before relaxing)

.debug_frame    0x0000000000000000      0x504
 .debug_frame   0x0000000000000000       0xb0 ./Src/GPIO_program.o
 .debug_frame   0x00000000000000b0      0x2e0 ./Src/RCC_prog.o
 .debug_frame   0x0000000000000390       0x94 ./Src/USART_program.o
 .debug_frame   0x0000000000000424       0x54 ./Src/main.o
 .debug_frame   0x0000000000000478       0x2c C:/ST/STM32CubeIDE_1.13.1/STM32CubeIDE/plugins/com.st.stm32cube.ide.mcu.externaltools.gnu-tools-for-stm32.11.3.rel1.win32_1.1.0.202305231506/tools/bin/../lib/gcc/arm-none-eabi/11.3.1/../../../../arm-none-eabi/lib/thumb/v7e-m+fp/hard\libc_nano.a(libc_a-init.o)
 .debug_frame   0x00000000000004a4       0x2c C:/ST/STM32CubeIDE_1.13.1/STM32CubeIDE/plugins/com.st.stm32cube.ide.mcu.externaltools.gnu-tools-for-stm32.11.3.rel1.win32_1.1.0.202305231506/tools/bin/../lib/gcc/arm-none-eabi/11.3.1/thumb/v7e-m+fp/hard\libgcc.a(_aeabi_uldivmod.o)
 .debug_frame   0x00000000000004d0       0x34 C:/ST/STM32CubeIDE_1.13.1/STM32CubeIDE/plugins/com.st.stm32cube.ide.mcu.externaltools.gnu-tools-for-stm32.11.3.rel1.win32_1.1.0.202305231506/tools/bin/../lib/gcc/arm-none-eabi/11.3.1/thumb/v7e-m+fp/hard\libgcc.a(_udivmoddi4.o)

.debug_line_str
                0x0000000000000000       0x59
 .debug_line_str
                0x0000000000000000       0x59 ./Startup/startup_stm32f446retx.o
                                         0x71 (size before relaxing)
