../Src/APP_blue_bill.c:28:6:RCC_Clock_Init	8	static
../Src/APP_blue_bill.c:39:6:Pins_Init	32	static
../Src/APP_blue_bill.c:74:6:Interrupts_Init	8	static
../Src/APP_blue_bill.c:80:6:DisplayAlarmInfo	16	static
../Src/APP_blue_bill.c:105:6:Display_Time	8	static
../Src/APP_blue_bill.c:122:6:Display_Date	8	static
../Src/APP_blue_bill.c:148:6:TURN_ON_LED	8	static
../Src/APP_blue_bill.c:152:6:Receive_withInterrupt	4	static
../Src/APP_blue_bill.c:156:6:CLEAR_DISPLAY	8	static
../Src/APP_blue_bill.c:160:6:_delay_1s	8	static
