../Src/APP_blue_bill.c:32:6:RCC_Clock_Init	8	static
../Src/APP_blue_bill.c:40:6:Pins_Init	48	static
../Src/APP_blue_bill.c:66:6:SPI1_Init	8	static
../Src/APP_blue_bill.c:79:6:EXTI13_Init	16	static
../Src/APP_blue_bill.c:90:6:Interrupts_Init	8	static
../Src/APP_blue_bill.c:96:6:DisplayAlarmInfo	16	static
../Src/APP_blue_bill.c:121:6:Display_Time	8	static
../Src/APP_blue_bill.c:138:6:Display_Date	8	static
../Src/APP_blue_bill.c:165:6:TURN_ON_LED	8	static
../Src/APP_blue_bill.c:169:6:Receive_withInterrupt	8	static
../Src/APP_blue_bill.c:173:6:CLEAR_DISPLAY	8	static
../Src/APP_blue_bill.c:177:6:_delay_1s	8	static
