../Src/CLCD_program.c:27:6:CLCD_voidPinInit	56	static
../Src/CLCD_program.c:54:13:voidSendEnablePulse	8	static
../Src/CLCD_program.c:67:13:voidSetLCDHalfDataPort	16	static
../Src/CLCD_program.c:80:6:CLCD_voidSendCmd	16	static
../Src/CLCD_program.c:114:6:CLCD_voidSendData	16	static
../Src/CLCD_program.c:147:6:CLCD_voidInit	8	static
../Src/CLCD_program.c:178:9:CLCD_u8SendString	24	static
../Src/CLCD_program.c:203:6:CLCD_voidSendNumber	32	static
../Src/CLCD_program.c:238:6:CLCD_voidGoToXY	24	static
../Src/CLCD_program.c:255:6:CLCD_voidSendSpecialCharacter	24	static
../Src/CLCD_program.c:280:6:CLCD_ClearDisplay	8	static
