../Src/EXTI_Program.c:33:9:EXTI_Init	24	static
../Src/EXTI_Program.c:106:9:EXTI_Enable	24	static
../Src/EXTI_Program.c:131:9:EXTI_Disable	24	static
../Src/EXTI_Program.c:157:9:EXTI_ClearPendingFlag	24	static
../Src/EXTI_Program.c:182:9:EXTI_ReadPendingFlag	24	static
../Src/EXTI_Program.c:207:9:EXTI_SetTrigger	24	static
../Src/EXTI_Program.c:241:6:EXTI0_IRQHandler	8	static
../Src/EXTI_Program.c:251:6:EXTI1_IRQHandler	8	static
../Src/EXTI_Program.c:260:6:EXTI2_IRQHandler	8	static
../Src/EXTI_Program.c:269:6:EXTI3_IRQHandler	8	static
../Src/EXTI_Program.c:278:6:EXTI4_IRQHandler	8	static
../Src/EXTI_Program.c:289:6:EXTI9_5_IRQHandler	8	static
../Src/EXTI_Program.c:336:6:EXTI15_10_IRQHandler	8	static
