../Src/EXTI_Program.c:32:9:EXTI_Init	24	static
../Src/EXTI_Program.c:105:9:EXTI_Enable	24	static
../Src/EXTI_Program.c:130:9:EXTI_Disable	24	static
../Src/EXTI_Program.c:156:9:EXTI_ClearPendingFlag	24	static
../Src/EXTI_Program.c:181:9:EXTI_ReadPendingFlag	24	static
../Src/EXTI_Program.c:206:9:EXTI_SetTrigger	24	static
../Src/EXTI_Program.c:240:6:EXTI0_IRQHandler	8	static
../Src/EXTI_Program.c:250:6:EXTI1_IRQHandler	8	static
../Src/EXTI_Program.c:259:6:EXTI2_IRQHandler	8	static
../Src/EXTI_Program.c:268:6:EXTI3_IRQHandler	8	static
../Src/EXTI_Program.c:277:6:EXTI4_IRQHandler	8	static
../Src/EXTI_Program.c:288:6:EXTI9_5_IRQHandler	8	static
../Src/EXTI_Program.c:335:6:EXTI15_10_IRQHandler	8	static
