../Src/SPI_Program.c:39:14:SPI_Init	24	static
../Src/SPI_Program.c:114:14:SPI_Transmit	32	static
../Src/SPI_Program.c:153:14:SPI_Receive	32	static
../Src/SPI_Program.c:215:14:SPI_Transmit_IT	32	static
../Src/SPI_Program.c:264:14:SPI_Receive_IT	32	static
../Src/SPI_Program.c:321:14:SPI_Enable_DMA_RX	24	static
../Src/SPI_Program.c:341:14:SPI_Enable_DMA_TX	24	static
../Src/SPI_Program.c:364:14:SPI_SET_Internal_Slave_State	24	static
../Src/SPI_Program.c:398:21:SPI_Check_Configs	24	static
../Src/SPI_Program.c:484:13:SPI_IRQ_Source_HANDLE	24	static
../Src/SPI_Program.c:568:6:SPI1_IRQHandler	8	static
../Src/SPI_Program.c:573:6:SPI2_IRQHandler	8	static
