../Src/USART_prog.c:69:14:USART_ReadFlag	24	static
../Src/USART_prog.c:101:14:USART_Init	32	static
../Src/USART_prog.c:198:14:USART_TransmitData	24	static
../Src/USART_prog.c:213:6:USART_TransmitString	24	static
../Src/USART_prog.c:224:6:USART_TransmitBuffer	32	static
../Src/USART_prog.c:245:14:USART_ReceiveData	24	static
../Src/USART_prog.c:264:6:USART_ReceiveBuffer	24	static
../Src/USART_prog.c:283:14:USART_Tx_DMA	24	static
../Src/USART_prog.c:308:14:USART_Rx_DMA	24	static
../Src/USART_prog.c:336:14:USART_CallBack	24	static
../Src/USART_prog.c:354:6:USART_IRQHandler	24	static
../Src/USART_prog.c:424:14:USART_Tx_IT	24	static
../Src/USART_prog.c:455:14:USART_Rx_IT	24	static
../Src/USART_prog.c:492:6:USART1_IRQHandler	8	static
../Src/USART_prog.c:498:6:USART2_IRQHandler	8	static
../Src/USART_prog.c:504:6:USART3_IRQHandler	8	static
../Src/USART_prog.c:510:6:UART4_IRQHandler	8	static
../Src/USART_prog.c:516:6:UART5_IRQHandler	8	static
../Src/USART_prog.c:522:6:USART6_IRQHandler	8	static
